// Jest Snapshot v1, https://goo.gl/fbAQLP

exports[`App renders correctly 1`] = `
ShallowWrapper {
  "complexSelector": ComplexSelector {
    "buildPredicate": [Function],
    "childrenOfNode": [Function],
    "findWhereUnwrapped": [Function],
  },
  "length": 1,
  "node": <div>
    <h2>
        Gift Giver
    </h2>
    <div
        className="gift-list"
    >
        
    </div>
    <Button
        active={false}
        block={false}
        bsClass="btn"
        bsStyle="default"
        className="btn-add"
        disabled={false}
        onClick={[Function]}
    >
        Add Gift
    </Button>
</div>,
  "nodes": Array [
    <div>
      <h2>
            Gift Giver
      </h2>
      <div
            className="gift-list"
      >
            
      </div>
      <Button
            active={false}
            block={false}
            bsClass="btn"
            bsStyle="default"
            className="btn-add"
            disabled={false}
            onClick={[Function]}
      >
            Add Gift
      </Button>
</div>,
  ],
  "options": Object {},
  "renderer": ReactShallowRenderer {
    "_instance": ShallowComponentWrapper {
      "_calledComponentWillUnmount": false,
      "_compositeType": 0,
      "_context": Object {},
      "_currentElement": <App />,
      "_debugID": 1,
      "_hostContainerInfo": null,
      "_hostParent": null,
      "_instance": App {
        "_reactInternalInstance": [Circular],
        "addGift": [Function],
        "context": Object {},
        "props": Object {},
        "refs": Object {},
        "removeGift": [Function],
        "state": Object {
          "gifts": Array [],
        },
        "updater": Object {
          "enqueueCallback": [Function],
          "enqueueCallbackInternal": [Function],
          "enqueueElementInternal": [Function],
          "enqueueForceUpdate": [Function],
          "enqueueReplaceState": [Function],
          "enqueueSetState": [Function],
          "isMounted": [Function],
          "validateCallback": [Function],
        },
      },
      "_mountOrder": 1,
      "_pendingCallbacks": null,
      "_pendingElement": null,
      "_pendingForceUpdate": false,
      "_pendingReplaceState": false,
      "_pendingStateQueue": null,
      "_renderedComponent": NoopInternalComponent {
        "_currentElement": <div>
          <h2>
                    Gift Giver
          </h2>
          <div
                    className="gift-list"
          >
                    
          </div>
          <Button
                    active={false}
                    block={false}
                    bsClass="btn"
                    bsStyle="default"
                    className="btn-add"
                    disabled={false}
                    onClick={[Function]}
          >
                    Add Gift
          </Button>
</div>,
        "_debugID": 2,
        "_renderedOutput": <div>
          <h2>
                    Gift Giver
          </h2>
          <div
                    className="gift-list"
          >
                    
          </div>
          <Button
                    active={false}
                    block={false}
                    bsClass="btn"
                    bsStyle="default"
                    className="btn-add"
                    disabled={false}
                    onClick={[Function]}
          >
                    Add Gift
          </Button>
</div>,
      },
      "_renderedNodeType": 0,
      "_rootNodeID": 0,
      "_topLevelWrapper": null,
      "_updateBatchNumber": null,
      "_warnedAboutRefsInRender": false,
    },
    "getRenderOutput": [Function],
    "render": [Function],
  },
  "root": [Circular],
  "unrendered": <App />,
}
`;
